// Vitest Snapshot v1, https://vitest.dev/guide/snapshot.html

exports[`interactive compiler > expression 1`] = `
[
  Expression {
    "expression": StringLiteral {
      "value": "Hello",
    },
    "offsetEnd": -1,
    "offsetStart": -1,
  },
  [
    Chunk {
      "code": [
        0,
        0,
        25,
      ],
      "constants": [
        "Hello",
      ],
      "filename": "<unknown>",
      "lines": [
        100,
        100,
        100,
      ],
    },
  ],
]
`;
